#-----------------------------------------------------------
# Webtalk v2017.2 (64-bit)
# SW Build 1909853 on Thu Jun 15 18:39:10 MDT 2017
# IP Build 1909766 on Thu Jun 15 19:58:00 MDT 2017
# Start of session at: Tue Sep 26 17:12:07 2017
# Process ID: 20521
# Current directory: /afs/ece.cmu.edu/usr/markb1/Documents/fpga_sandbox/RecComp/Lab2/ug871-design-files/Introduction/lab3/fir_prj/solution3/sim/verilog
# Command line: wbtcv -mode batch -source /afs/ece.cmu.edu/usr/markb1/Documents/fpga_sandbox/RecComp/Lab2/ug871-design-files/Introduction/lab3/fir_prj/solution3/sim/verilog/xsim.dir/fir/webtalk/xsim_webtalk.tcl -notrace
# Log file: /afs/ece.cmu.edu/usr/markb1/Documents/fpga_sandbox/RecComp/Lab2/ug871-design-files/Introduction/lab3/fir_prj/solution3/sim/verilog/webtalk.log
# Journal file: /afs/ece.cmu.edu/usr/markb1/Documents/fpga_sandbox/RecComp/Lab2/ug871-design-files/Introduction/lab3/fir_prj/solution3/sim/verilog/webtalk.jou
#-----------------------------------------------------------
source /afs/ece.cmu.edu/usr/markb1/Documents/fpga_sandbox/RecComp/Lab2/ug871-design-files/Introduction/lab3/fir_prj/solution3/sim/verilog/xsim.dir/fir/webtalk/xsim_webtalk.tcl -notrace
