

================================================================
== Vivado HLS Report for 'fir'
================================================================
* Date:           Tue Sep 26 14:39:42 2017

* Version:        2017.2 (Build 1909853 on Wed Aug 09 16:50:22 MDT 2017)
* Project:        fir_prj
* Solution:       solution1
* Product family: kintex7
* Target device:  xc7k160tfbg484-2


================================================================
== Performance Estimates
================================================================
+ Timing (ns): 
    * Summary: 
    +--------+-------+----------+------------+
    |  Clock | Target| Estimated| Uncertainty|
    +--------+-------+----------+------------+
    |ap_clk  |  10.00|      7.71|        1.25|
    +--------+-------+----------+------------+

+ Latency (clock cycles): 
    * Summary: 
    +-----+-----+-----+-----+---------+
    |  Latency  |  Interval | Pipeline|
    | min | max | min | max |   Type  |
    +-----+-----+-----+-----+---------+
    |   45|   45|   46|   46|   none  |
    +-----+-----+-----+-----+---------+

    + Detail: 
        * Instance: 
        N/A

        * Loop: 
        +--------------------+-----+-----+----------+-----------+-----------+------+----------+
        |                    |  Latency  | Iteration|  Initiation Interval  | Trip |          |
        |      Loop Name     | min | max |  Latency |  achieved |   target  | Count| Pipelined|
        +--------------------+-----+-----+----------+-----------+-----------+------+----------+
        |- Shift_Accum_Loop  |   44|   44|         4|          -|          -|    11|    no    |
        +--------------------+-----+-----+----------+-----------+-----------+------+----------+



================================================================
== Utilization Estimates
================================================================
* Summary: 
+-----------------+---------+-------+--------+--------+
|       Name      | BRAM_18K| DSP48E|   FF   |   LUT  |
+-----------------+---------+-------+--------+--------+
|DSP              |        -|      -|       -|       -|
|Expression       |        -|      4|     121|      97|
|FIFO             |        -|      -|       -|       -|
|Instance         |        -|      -|       -|       -|
|Memory           |        0|      -|      64|       6|
|Multiplexer      |        -|      -|       -|     111|
|Register         |        -|      -|     144|       -|
+-----------------+---------+-------+--------+--------+
|Total            |        0|      4|     329|     214|
+-----------------+---------+-------+--------+--------+
|Available        |      650|    600|  202800|  101400|
+-----------------+---------+-------+--------+--------+
|Utilization (%)  |        0|   ~0  |   ~0   |   ~0   |
+-----------------+---------+-------+--------+--------+

+ Detail: 
    * Instance: 
    N/A

    * DSP48: 
    N/A

    * Memory: 
    +-------------+---------------+---------+----+----+------+-----+------+-------------+
    |    Memory   |     Module    | BRAM_18K| FF | LUT| Words| Bits| Banks| W*Bits*Banks|
    +-------------+---------------+---------+----+----+------+-----+------+-------------+
    |shift_reg_U  |fir_shift_reg  |        0|  64|   6|    11|   32|     1|          352|
    +-------------+---------------+---------+----+----+------+-----+------+-------------+
    |Total        |               |        0|  64|   6|    11|   32|     1|          352|
    +-------------+---------------+---------+----+----+------+-----+------+-------------+

    * FIFO: 
    N/A

    * Expression: 
    +-----------------+----------+-------+-----+----+------------+------------+
    |  Variable Name  | Operation| DSP48E|  FF | LUT| Bitwidth P0| Bitwidth P1|
    +-----------------+----------+-------+-----+----+------------+------------+
    |tmp_3_fu_151_p2  |     *    |      4|    0|  48|          32|          32|
    |acc_1_fu_157_p2  |     +    |      0|  101|  37|          32|          32|
    |grp_fu_121_p2    |     +    |      0|   20|  10|           5|           2|
    |tmp_1_fu_140_p2  |   icmp   |      0|    0|   2|           5|           1|
    +-----------------+----------+-------+-----+----+------------+------------+
    |Total            |          |      4|  121|  97|          74|          67|
    +-----------------+----------+-------+-----+----+------------+------------+

    * Multiplexer: 
    +--------------------+----+-----------+-----+-----------+
    |        Name        | LUT| Input Size| Bits| Total Bits|
    +--------------------+----+-----------+-----+-----------+
    |acc_reg_87          |   9|          2|   32|         64|
    |ap_NS_fsm           |  41|          6|    1|          6|
    |data1_reg_112       |   9|          2|   32|         64|
    |grp_fu_121_p0       |  13|          3|    5|         15|
    |i_reg_100           |   9|          2|    5|         10|
    |shift_reg_address0  |  17|          4|    4|         16|
    |shift_reg_d0        |  13|          3|   32|         96|
    +--------------------+----+-----------+-----+-----------+
    |Total               | 111|         22|  111|        271|
    +--------------------+----+-----------+-----+-----------+

    * Register: 
    +----------------+----+----+-----+-----------+
    |      Name      | FF | LUT| Bits| Const Bits|
    +----------------+----+----+-----+-----------+
    |acc_reg_87      |  32|   0|   32|          0|
    |ap_CS_fsm       |   5|   0|    5|          0|
    |data1_reg_112   |  32|   0|   32|          0|
    |i_1_reg_196     |   5|   0|    5|          0|
    |i_cast_reg_168  |  32|   0|   32|          0|
    |i_reg_100       |   5|   0|    5|          0|
    |tmp_1_reg_177   |   1|   0|    1|          0|
    |tmp_3_reg_201   |  32|   0|   32|          0|
    +----------------+----+----+-----+-----------+
    |Total           | 144|   0|  144|          0|
    +----------------+----+----+-----+-----------+



================================================================
== Interface
================================================================
* Summary: 
+------------+-----+-----+------------+--------------+--------------+
|  RTL Ports | Dir | Bits|  Protocol  | Source Object|    C Type    |
+------------+-----+-----+------------+--------------+--------------+
|ap_clk      |  in |    1| ap_ctrl_hs |      fir     | return value |
|ap_rst      |  in |    1| ap_ctrl_hs |      fir     | return value |
|ap_start    |  in |    1| ap_ctrl_hs |      fir     | return value |
|ap_done     | out |    1| ap_ctrl_hs |      fir     | return value |
|ap_idle     | out |    1| ap_ctrl_hs |      fir     | return value |
|ap_ready    | out |    1| ap_ctrl_hs |      fir     | return value |
|y           | out |   32|   ap_vld   |       y      |    pointer   |
|y_ap_vld    | out |    1|   ap_vld   |       y      |    pointer   |
|c_address0  | out |    4|  ap_memory |       c      |     array    |
|c_ce0       | out |    1|  ap_memory |       c      |     array    |
|c_q0        |  in |   32|  ap_memory |       c      |     array    |
|x           |  in |   32|   ap_none  |       x      |    scalar    |
+------------+-----+-----+------------+--------------+--------------+

